// Jest Snapshot v1, https://goo.gl/fbAQLP

exports[`<Profiles /> renders the <Profiles /> with populated data 1`] = `
<div
  class="profiles__Container-dt3hl3-0 grxUEB"
>
  <h1
    class="profiles__Title-dt3hl3-1 gWzhMp"
  >
    Who's watching?
  </h1>
  <ul
    class="profiles__List-dt3hl3-2 jKAsQa"
  >
    <li
      class="profiles__Item-dt3hl3-5 dOQUKw"
    >
      <img
        class="profiles__Picture-dt3hl3-4 ckCNbN"
        data-testid="profile-picture"
        src="/images/users//images/karl.png.png"
      />
      <p
        class="profiles__Name-dt3hl3-3 gWqcQa"
      >
        Karl
      </p>
    </li>
  </ul>
</div>
`;

exports[`<Profiles /> renders the <Profiles /> with populated data but misc profile image 1`] = `
<div
  class="profiles__Container-dt3hl3-0 grxUEB"
>
  <h1
    class="profiles__Title-dt3hl3-1 gWzhMp"
  >
    Who's watching?
  </h1>
  <ul
    class="profiles__List-dt3hl3-2 jKAsQa"
  >
    <li
      class="profiles__Item-dt3hl3-5 dOQUKw"
    >
      <img
        class="profiles__Picture-dt3hl3-4 ckCNbN"
        data-testid="profile-picture-misc"
        src="/images/misc/loading.gif"
      />
      <p
        class="profiles__Name-dt3hl3-3 gWqcQa"
      >
        Karl
      </p>
    </li>
  </ul>
</div>
`;
